###############################################################################
#
# IAR ELF Linker V3.11.1.207 for STM8                     25/Oct/2020  22:44:09
# Copyright 2010-2019 IAR Systems AB.
#
#    Output file  =  
#        C:\Users\Minh Thang\Desktop\STM8_Projects\Timer\Debug\Exe\Timer.out
#    Map file     =  
#        C:\Users\Minh Thang\Desktop\STM8_Projects\Timer\Debug\List\Timer.map
#    Command line =  
#        -f C:\Users\MINHTH~1\AppData\Local\Temp\EW2CDB.tmp ("C:\Users\Minh
#        Thang\Desktop\STM8_Projects\Timer\Debug\Obj\main.o" --redirect
#        _Printf=_PrintfFullNoMb --redirect _Scanf=_ScanfFullNoMb
#        --no_out_extension -o "C:\Users\Minh
#        Thang\Desktop\STM8_Projects\Timer\Debug\Exe\Timer.out" --map
#        "C:\Users\Minh Thang\Desktop\STM8_Projects\Timer\Debug\List\Timer.map"
#        --config "C:\Program Files (x86)\IAR Systems\Embedded Workbench
#        8.3\stm8\config\lnkstm8s005k6.icf" --config_def _CSTACK_SIZE=0x100
#        --config_def _HEAP_SIZE=0x100 --entry __iar_program_start --debug_lib)
#
###############################################################################

*******************************************************************************
*** RUNTIME MODEL ATTRIBUTES
***

__SystemLibrary            = DLib
__code_model               = small
__core                     = stm8
__data_model               = medium
__dlib_file_descriptor     = 0
__dlib_full_locale_support = 0
__rt_version               = 4


*******************************************************************************
*** PLACEMENT SUMMARY
***

"A0":  place at start of [0x000000-0x0000ff] { rw section .vregs };
"A1":  place at end of [0x000000-0x0007ff] { block CSTACK };
"P2":  place in [from 0x000000 to 0x0007ff] {
          block HEAP, rw section __DLIB_PERTHREAD, rw section .far.bss,
          rw section .far.data, rw section .far.noinit,
          rw section .far_func.textrw, rw section .huge.bss,
          rw section .huge.data, rw section .huge.noinit,
          rw section .huge_func.textrw, rw section .iar.dynexit,
          rw section .near.bss, rw section .near.data, rw section .near.noinit,
          rw section .near_func.textrw };
"A2":  place at start of [0x008000-0x00ffff] { block INTVEC };
"P3":  place in [from 0x008000 to 0x00ffff] {
          ro section __DLIB_PERTHREAD_init, ro section .far.data_init,
          ro section .far_func.textrw_init, ro section .huge.data_init,
          ro section .huge_func.textrw_init, ro section .iar.init_table,
          ro section .init_array, ro section .near.data_init,
          ro section .near.rodata, ro section .near_func.text,
          ro section .near_func.textrw_init, ro section .tiny.data_init,
          ro section .tiny.rodata_init };
"P4":  place in [from 0x008000 to 0x00ffff] {
          ro section .far.rodata, ro section .far_func.text };
"P5":  place in [from 0x008000 to 0x00ffff] {
          ro section .huge.rodata, ro section .huge_func.text };
do not initialize {
   rw section .eeprom.noinit, rw section .far.noinit, rw section .huge.noinit,
   rw section .near.noinit, rw section .tiny.noinit, rw section .vregs };

No sections matched the following patterns:

  ro section .far.data_init          in "P3-P5"
  ro section .far.rodata             in "P3-P5"
  ro section .far_func.text          in "P3-P5"
  ro section .far_func.textrw_init   in "P3-P5"
  ro section .huge.data_init         in "P3-P5"
  ro section .huge.rodata            in "P3-P5"
  ro section .huge_func.text         in "P3-P5"
  ro section .huge_func.textrw_init  in "P3-P5"
  ro section .iar.init_table         in "P3-P5"
  ro section .init_array             in "P3-P5"
  ro section .near.data_init         in "P3-P5"
  ro section .near.rodata            in "P3-P5"
  ro section .near_func.textrw_init  in "P3-P5"
  ro section .tiny.data_init         in "P3-P5"
  ro section .tiny.rodata_init       in "P3-P5"
  ro section __DLIB_PERTHREAD_init   in "P3-P5"
  rw section .far.bss                in "P2"
  rw section .far.data               in "P2"
  rw section .far.noinit             in "P2"
  rw section .far_func.textrw        in "P2"
  rw section .huge.bss               in "P2"
  rw section .huge.data              in "P2"
  rw section .huge.noinit            in "P2"
  rw section .huge_func.textrw       in "P2"
  rw section .iar.dynexit            in "P2"
  rw section .near.data              in "P2"
  rw section .near.noinit            in "P2"
  rw section .near_func.textrw       in "P2"
  rw section .tiny.bss               in "P1"
  rw section .tiny.data              in "P1"
  rw section .tiny.noinit            in "P1"
  rw section .tiny.rodata            in "P1"
  rw section __DLIB_PERTHREAD        in "P2"
  section .eeprom.data               in "P6-P8"
  section .eeprom.noinit             in "P6-P8"
  section .eeprom.rodata             in "P6-P8"


  Section          Kind      Address   Size  Object
  -------          ----      -------   ----  ------
"A0":                                   0xc
  .vregs           uninit   0x000000    0xc  vregs.o [4]
                          - 0x00000c    0xc

"P2":                                  0x11
  .near.bss        zero     0x00000c   0x10  main.o [1]
  .near.bss        zero     0x00001c    0x1  main.o [1]
                          - 0x00001d   0x11

"A1":                                 0x100
  CSTACK                    0x000700  0x100  <Block>
    CSTACK         uninit   0x000700  0x100  <Block tail>
                          - 0x000800  0x100

Absolute sections, part 1 of 5:         0x1
  .near.noinit     uninit   0x005005    0x1  main.o [1]
                          - 0x005006    0x1

Absolute sections, part 2 of 5:         0x2
  .near.noinit     uninit   0x005007    0x1  main.o [1]
  .near.noinit     uninit   0x005008    0x1  main.o [1]
                          - 0x005009    0x2

Absolute sections, part 3 of 5:         0x1
  .near.noinit     uninit   0x0050c6    0x1  main.o [1]
                          - 0x0050c7    0x1

Absolute sections, part 4 of 5:         0x3
  .near.noinit     uninit   0x005300    0x1  main.o [1]
  .near.noinit     uninit   0x005301    0x1  main.o [1]
  .near.noinit     uninit   0x005302    0x1  main.o [1]
                          - 0x005303    0x3

Absolute sections, part 5 of 5:         0x3
  .near.noinit     uninit   0x00530c    0x1  main.o [1]
  .near.noinit     uninit   0x00530d    0x1  main.o [1]
  .near.noinit     uninit   0x00530e    0x1  main.o [1]
                          - 0x00530f    0x3

"A2":                                  0x80
  INTVEC                    0x008000   0x80  <Block>
    .intvec        const    0x008000   0x80  interrupt.o [4]
                          - 0x008080   0x80

"P3-P5":                               0xe9
  .near_func.text  ro code  0x008080   0x26  main.o [1]
  .iar.init_table  const    0x0080a6    0x8  - Linker created -
  .near_func.text  ro code  0x0080ae   0x1e  init_small.o [4]
  .near_func.text  ro code  0x0080cc   0x19  main.o [1]
  .near_func.text  ro code  0x0080e5   0x18  vreg_util.o [4]
  .near_func.text  ro code  0x0080fd   0x14  init.o [4]
  .near_func.text  ro code  0x008111   0x14  __dbg_xxexit.o [3]
  .near_func.text  ro code  0x008125   0x13  cstartup.o [4]
  .near_func.text  ro code  0x008138   0x11  main.o [1]
  .near_func.text  ro code  0x008149    0x9  main.o [1]
  .near_func.text  ro code  0x008152    0x5  main.o [1]
  .near_func.text  ro code  0x008157    0x5  cexit.o [4]
  .near_func.text  ro code  0x00815c    0x3  interrupt.o [4]
  .near_func.text  ro code  0x00815f    0x3  low_level_init.o [4]
  .near_func.text  ro code  0x008162    0x3  exit.o [4]
  .near_func.text  ro code  0x008165    0x3  unhandled_exception.o [4]
  .near_func.text  ro code  0x008168    0x1  __dbg_break.o [3]
                          - 0x008169   0xe9


*******************************************************************************
*** INIT TABLE
***

          Address   Size
          -------   ----
Zero (__iar_zero_init2)
    1 destination range, total size 0x11:
          0x00000c  0x11



*******************************************************************************
*** MODULE SUMMARY
***

    Module                 ro code  ro data  rw data  rw data
                                                       (abs)
    ------                 -------  -------  -------  -------
C:\Users\Minh Thang\Desktop\STM8_Projects\Timer\Debug\Obj: [1]
    main.o                      94                17       10
    ---------------------------------------------------------
    Total:                      94                17       10

command line: [2]
    ---------------------------------------------------------
    Total:

dbgstm8smd.a: [3]
    __dbg_break.o                1
    __dbg_xxexit.o              20
    ---------------------------------------------------------
    Total:                      21

dlstm8smn.a: [4]
    cexit.o                      5
    cstartup.o                  19
    exit.o                       3
    init.o                      20
    init_small.o                30
    interrupt.o                  3      128
    low_level_init.o             3
    unhandled_exception.o        3
    vreg_util.o                 24
    vregs.o                                       12
    ---------------------------------------------------------
    Total:                     110      128       12

    Linker created                        8      256
-------------------------------------------------------------
    Grand Total:               225      136      285       10


*******************************************************************************
*** ENTRY LIST
***

Entry                    Address  Size  Type      Object
-----                    -------  ----  ----      ------
.iar.init_table$$Base   0x0080a6         --   Gb  - Linker created -
.iar.init_table$$Limit  0x0080ae         --   Gb  - Linker created -
?b0                     0x000000        Data  Gb  vregs.o [4]
?b1                     0x000001        Data  Gb  vregs.o [4]
?b10                    0x00000a        Data  Gb  vregs.o [4]
?b11                    0x00000b        Data  Gb  vregs.o [4]
?b2                     0x000002        Data  Gb  vregs.o [4]
?b3                     0x000003        Data  Gb  vregs.o [4]
?b4                     0x000004        Data  Gb  vregs.o [4]
?b5                     0x000005        Data  Gb  vregs.o [4]
?b6                     0x000006        Data  Gb  vregs.o [4]
?b7                     0x000007        Data  Gb  vregs.o [4]
?b8                     0x000008        Data  Gb  vregs.o [4]
?b9                     0x000009        Data  Gb  vregs.o [4]
?e0                     0x000001        Data  Gb  vregs.o [4]
?e1                     0x000005        Data  Gb  vregs.o [4]
?e2                     0x000009        Data  Gb  vregs.o [4]
?l0                     0x000000        Data  Gb  vregs.o [4]
?l1                     0x000004        Data  Gb  vregs.o [4]
?l2                     0x000008        Data  Gb  vregs.o [4]
?push_w4                0x0080e5        Code  Gb  vreg_util.o [4]
?w0                     0x000000        Data  Gb  vregs.o [4]
?w1                     0x000002        Data  Gb  vregs.o [4]
?w2                     0x000004        Data  Gb  vregs.o [4]
?w3                     0x000006        Data  Gb  vregs.o [4]
?w4                     0x000008        Data  Gb  vregs.o [4]
?w5                     0x00000a        Data  Gb  vregs.o [4]
CSTACK$$Base            0x000700         --   Gb  - Linker created -
CSTACK$$Limit           0x000800         --   Gb  - Linker created -
INTVEC$$Base            0x008000         --   Gb  - Linker created -
INTVEC$$Limit           0x008080         --   Gb  - Linker created -
Region$$Table$$Base     0x0080a6         --   Gb  - Linker created -
Region$$Table$$Limit    0x0080ae         --   Gb  - Linker created -
TIM2_ARRH               0x00530d   0x1  Data  Gb  main.o [1]
TIM2_ARRL               0x00530e   0x1  Data  Gb  main.o [1]
_A_CLK_CKDIVR           0x0050c6   0x1  Data  Gb  main.o [1]
_A_PB_CR1               0x005008   0x1  Data  Gb  main.o [1]
_A_PB_DDR               0x005007   0x1  Data  Gb  main.o [1]
_A_PB_ODR               0x005005   0x1  Data  Gb  main.o [1]
_A_TIM2_CR1             0x005300   0x1  Data  Gb  main.o [1]
_A_TIM2_IER             0x005301   0x1  Data  Gb  main.o [1]
_A_TIM2_PSCR            0x00530c   0x1  Data  Gb  main.o [1]
_A_TIM2_SR1             0x005302   0x1  Data  Gb  main.o [1]
__DebugBreak            0x008168   0x1  Code  Gb  __dbg_break.o [3]
__exit                  0x008111  0x14  Code  Gb  __dbg_xxexit.o [3]
__iar_data_init2        0x0080fd  0x14  Code  Gb  init.o [4]
__iar_program_start     0x008125        Code  Gb  cstartup.o [4]
__iar_unhandled_exception
                        0x008165        Code  Gb  unhandled_exception.o [4]
__iar_zero_init2        0x0080ae        Code  Gb  init_small.o [4]
__intvec                0x008000        Data  Gb  interrupt.o [4]
__low_level_init        0x00815f   0x3  Code  Gb  low_level_init.o [4]
_exit                   0x008157        Code  Gb  cexit.o [4]
_interrupt_15           0x008080        Code  Gb  main.o [1]
clock_init              0x008152   0x5  Code  Gb  main.o [1]
dosang                  0x00000c  0x10  Data  Gb  main.o [1]
exit                    0x008162   0x3  Code  Gb  exit.o [4]
gpio_init               0x008149   0x9  Code  Gb  main.o [1]
main                    0x008138  0x11  Code  Gb  main.o [1]
tim2_handle             0x008080  0x26  Code  Gb  main.o [1]
tim2_handle::count      0x00001c   0x1  Data  Lc  main.o [1]
timer_init              0x0080cc  0x19  Code  Gb  main.o [1]


[1] = C:\Users\Minh Thang\Desktop\STM8_Projects\Timer\Debug\Obj
[2] = command line
[3] = dbgstm8smd.a
[4] = dlstm8smn.a

  225 bytes of readonly  code memory
  136 bytes of readonly  data memory
  285 bytes of readwrite data memory (+ 10 absolute)

Errors: none
Warnings: none
